
> frontend@0.1.0 build
> next build

Γû▓ Next.js 16.1.6 (Turbopack)
- Environments: .env.local

  Creating an optimized production build ...
node.exe : 
At line:1 char:1
+ & "C:\Program Files\nodejs/node.exe" 
"C:\Program Files\nodejs/node_mo ...
+ ~~~~~~~~~~~~~~~~~~~~~~~~~~~~~~~~~~~~~~~~~~~~~~~~
~~~~~~~~~~~~~~~~~~~~~
    + CategoryInfo          : NotSpecified: (:Str 
   ing) [], RemoteException
    + FullyQualifiedErrorId : NativeCommandError
 
> Build error occurred
Error: Turbopack build failed with 4 errors:
./src/components/ui/avatar.tsx:6:1
Module not found: Can't resolve '@/lib/utils'
[0m [90m 4 |[39m [36mimport[39m [33m*[39m 
[36mas[39m [33mAvatarPrimitive[39m 
[36mfrom[39m [32m"@radix-ui/react-avatar"[39m
 [90m 5 |[39m
[31m[1m>[22m[39m[90m 6 |[39m 
[36mimport[39m { cn } [36mfrom[39m 
[32m"@/lib/utils"[39m
 [90m   |[39m [31m[1m^[22m[39m[31m[1m^[22
m[39m[31m[1m^[22m[39m[31m[1m^[22m[39m[31
m[1m^[22m[39m[31m[1m^[22m[39m[31m[1m^[22
m[39m[31m[1m^[22m[39m[31m[1m^[22m[39m[31
m[1m^[22m[39m[31m[1m^[22m[39m[31m[1m^[22
m[39m[31m[1m^[22m[39m[31m[1m^[22m[39m[31
m[1m^[22m[39m[31m[1m^[22m[39m[31m[1m^[22
m[39m[31m[1m^[22m[39m[31m[1m^[22m[39m[31
m[1m^[22m[39m[31m[1m^[22m[39m[31m[1m^[22
m[39m[31m[1m^[22m[39m[31m[1m^[22m[39m[31
m[1m^[22m[39m[31m[1m^[22m[39m[31m[1m^[22
m[39m[31m[1m^[22m[39m[31m[1m^[22m[39m[31
m[1m^[22m[39m[31m[1m^[22m[39m[31m[1m^[22
m[39m
 [90m 7 |[39m
 [90m 8 |[39m [36mfunction[39m 
[33mAvatar[39m({
 [90m 9 |[39m   className[33m,[39m[0m

Import map: aliased to relative './src/lib/utils' 
inside of [project]/


Import traces:
  Client Component Browser:
    ./src/components/ui/avatar.tsx [Client 
Component Browser]
    ./src/app/dashboard/page.tsx [Client 
Component Browser]
    ./src/app/dashboard/page.tsx [Server 
Component]

  Client Component SSR:
    ./src/components/ui/avatar.tsx [Client 
Component SSR]
    ./src/app/dashboard/page.tsx [Client 
Component SSR]
    ./src/app/dashboard/page.tsx [Server 
Component]

https://nextjs.org/docs/messages/module-not-found


./src/components/ui/badge.tsx:5:1
Module not found: Can't resolve '@/lib/utils'
[0m [90m 3 |[39m [36mimport[39m { 
cva[33m,[39m type [33mVariantProps[39m } 
[36mfrom[39m 
[32m"class-variance-authority"[39m
 [90m 4 |[39m
[31m[1m>[22m[39m[90m 5 |[39m 
[36mimport[39m { cn } [36mfrom[39m 
[32m"@/lib/utils"[39m
 [90m   |[39m [31m[1m^[22m[39m[31m[1m^[22
m[39m[31m[1m^[22m[39m[31m[1m^[22m[39m[31
m[1m^[22m[39m[31m[1m^[22m[39m[31m[1m^[22
m[39m[31m[1m^[22m[39m[31m[1m^[22m[39m[31
m[1m^[22m[39m[31m[1m^[22m[39m[31m[1m^[22
m[39m[31m[1m^[22m[39m[31m[1m^[22m[39m[31
m[1m^[22m[39m[31m[1m^[22m[39m[31m[1m^[22
m[39m[31m[1m^[22m[39m[31m[1m^[22m[39m[31
m[1m^[22m[39m[31m[1m^[22m[39m[31m[1m^[22
m[39m[31m[1m^[22m[39m[31m[1m^[22m[39m[31
m[1m^[22m[39m[31m[1m^[22m[39m[31m[1m^[22
m[39m[31m[1m^[22m[39m[31m[1m^[22m[39m[31
m[1m^[22m[39m[31m[1m^[22m[39m[31m[1m^[22
m[39m
 [90m 6 |[39m
 [90m 7 |[39m [36mconst[39m badgeVariants 
[33m=[39m cva(
 [90m 8 |[39m   [32m"inline-flex items-center 
justify-center rounded-full border 
border-transparent px-2 py-0.5 text-xs 
font-medium w-fit whitespace-nowrap shrink-0 
[&>svg]:size-3 gap-1 [&>svg]:pointer-events-none 
focus-visible:border-ring 
focus-visible:ring-ring/50 
focus-visible:ring-[3px] 
aria-invalid:ring-destructive/20 
dark:aria-invalid:ring-destructive/40 
aria-invalid:border-destructive 
transition-[color,box-shadow] 
overflow-hidden"[39m[33m,[39m[0m

Import map: aliased to relative './src/lib/utils' 
inside of [project]/


Import traces:
  Client Component Browser:
    ./src/components/ui/badge.tsx [Client 
Component Browser]
    ./src/app/dashboard/page.tsx [Client 
Component Browser]
    ./src/app/dashboard/page.tsx [Server 
Component]

  Client Component SSR:
    ./src/components/ui/badge.tsx [Client 
Component SSR]
    ./src/app/dashboard/page.tsx [Client 
Component SSR]
    ./src/app/dashboard/page.tsx [Server 
Component]

https://nextjs.org/docs/messages/module-not-found


./src/components/ui/button.tsx:5:1
Module not found: Can't resolve '@/lib/utils'
[0m [90m 3 |[39m [36mimport[39m { 
cva[33m,[39m type [33mVariantProps[39m } 
[36mfrom[39m 
[32m"class-variance-authority"[39m
 [90m 4 |[39m
[31m[1m>[22m[39m[90m 5 |[39m 
[36mimport[39m { cn } [36mfrom[39m 
[32m"@/lib/utils"[39m
 [90m   |[39m [31m[1m^[22m[39m[31m[1m^[22
m[39m[31m[1m^[22m[39m[31m[1m^[22m[39m[31
m[1m^[22m[39m[31m[1m^[22m[39m[31m[1m^[22
m[39m[31m[1m^[22m[39m[31m[1m^[22m[39m[31
m[1m^[22m[39m[31m[1m^[22m[39m[31m[1m^[22
m[39m[31m[1m^[22m[39m[31m[1m^[22m[39m[31
m[1m^[22m[39m[31m[1m^[22m[39m[31m[1m^[22
m[39m[31m[1m^[22m[39m[31m[1m^[22m[39m[31
m[1m^[22m[39m[31m[1m^[22m[39m[31m[1m^[22
m[39m[31m[1m^[22m[39m[31m[1m^[22m[39m[31
m[1m^[22m[39m[31m[1m^[22m[39m[31m[1m^[22
m[39m[31m[1m^[22m[39m[31m[1m^[22m[39m[31
m[1m^[22m[39m[31m[1m^[22m[39m[31m[1m^[22
m[39m
 [90m 6 |[39m
 [90m 7 |[39m [36mconst[39m buttonVariants 
[33m=[39m cva(
 [90m 8 |[39m   [32m"inline-flex items-center 
justify-center gap-2 whitespace-nowrap rounded-md 
text-sm font-medium transition-all 
disabled:pointer-events-none disabled:opacity-50 
[&_svg]:pointer-events-none 
[&_svg:not([class*='size-'])]:size-4 shrink-0 
[&_svg]:shrink-0 outline-none 
focus-visible:border-ring 
focus-visible:ring-ring/50 
focus-visible:ring-[3px] 
aria-invalid:ring-destructive/20 
dark:aria-invalid:ring-destructive/40 aria-invalid
:border-destructive"[39m[33m,[39m[0m

Import map: aliased to relative './src/lib/utils' 
inside of [project]/


Import traces:
  Client Component Browser:
    ./src/components/ui/button.tsx [Client 
Component Browser]
    ./src/app/dashboard/page.tsx [Client 
Component Browser]
    ./src/app/dashboard/page.tsx [Server 
Component]

  Client Component SSR:
    ./src/components/ui/button.tsx [Client 
Component SSR]
    ./src/app/dashboard/page.tsx [Client 
Component SSR]
    ./src/app/dashboard/page.tsx [Server 
Component]

https://nextjs.org/docs/messages/module-not-found


./src/components/ui/card.tsx:3:1
Module not found: Can't resolve '@/lib/utils'
[0m [90m 1 |[39m [36mimport[39m [33m*[39m 
[36mas[39m [33mReact[39m [36mfrom[39m 
[32m"react"[39m
 [90m 2 |[39m
[31m[1m>[22m[39m[90m 3 |[39m 
[36mimport[39m { cn } [36mfrom[39m 
[32m"@/lib/utils"[39m
 [90m   |[39m [31m[1m^[22m[39m[31m[1m^[22
m[39m[31m[1m^[22m[39m[31m[1m^[22m[39m[31
m[1m^[22m[39m[31m[1m^[22m[39m[31m[1m^[22
m[39m[31m[1m^[22m[39m[31m[1m^[22m[39m[31
m[1m^[22m[39m[31m[1m^[22m[39m[31m[1m^[22
m[39m[31m[1m^[22m[39m[31m[1m^[22m[39m[31
m[1m^[22m[39m[31m[1m^[22m[39m[31m[1m^[22
m[39m[31m[1m^[22m[39m[31m[1m^[22m[39m[31
m[1m^[22m[39m[31m[1m^[22m[39m[31m[1m^[22
m[39m[31m[1m^[22m[39m[31m[1m^[22m[39m[31
m[1m^[22m[39m[31m[1m^[22m[39m[31m[1m^[22
m[39m[31m[1m^[22m[39m[31m[1m^[22m[39m[31
m[1m^[22m[39m[31m[1m^[22m[39m[31m[1m^[22
m[39m
 [90m 4 |[39m
 [90m 5 |[39m [36mfunction[39m 
[33mCard[39m({ className[33m,[39m 
[33m...[39mprops }[33m:[39m [33mReact[39m[3
3m.[39m[33mComponentProps[39m[33m<[39m[32m"d
iv"[39m[33m>[39m) {
 [90m 6 |[39m   [36mreturn[39m ([0m

Import map: aliased to relative './src/lib/utils' 
inside of [project]/


Import traces:
  Client Component Browser:
    ./src/components/ui/card.tsx [Client 
Component Browser]
    ./src/app/dashboard/page.tsx [Client 
Component Browser]
    ./src/app/dashboard/page.tsx [Server 
Component]

  Client Component SSR:
    ./src/components/ui/card.tsx [Client 
Component SSR]
    ./src/app/dashboard/page.tsx [Client 
Component SSR]
    ./src/app/dashboard/page.tsx [Server 
Component]

https://nextjs.org/docs/messages/module-not-found


    at <unknown> 
(./src/components/ui/avatar.tsx:6:1)
    at <unknown> (https://nextjs.org/docs/messages
/module-not-found)
    at <unknown> 
(./src/components/ui/badge.tsx:5:1)
    at <unknown> (https://nextjs.org/docs/messages
/module-not-found)
    at <unknown> 
(./src/components/ui/button.tsx:5:1)
    at <unknown> (https://nextjs.org/docs/messages
/module-not-found)
    at <unknown> 
(./src/components/ui/card.tsx:3:1)
    at <unknown> (https://nextjs.org/docs/messages
/module-not-found)
